Nov 23 02:50:30 ip-172-31-6-108 web[19751]: ModuleNotFoundError: No module named 'backend/app'
Nov 23 02:50:30 ip-172-31-6-108 web[19747]: [2025-11-23 02:50:30 +0000] [19747] [ERROR] Worker (pid:19751) exited with code 3
Nov 23 02:50:30 ip-172-31-6-108 web[19747]: [2025-11-23 02:50:30 +0000] [19747] [ERROR] Shutting down: Master
Nov 23 02:50:30 ip-172-31-6-108 web[19747]: [2025-11-23 02:50:30 +0000] [19747] [ERROR] Reason: Worker failed to boot.
Nov 23 02:50:31 ip-172-31-6-108 web[19757]: [2025-11-23 02:50:31 +0000] [19757] [ERROR] Exception in worker process
Nov 23 02:50:31 ip-172-31-6-108 web[19757]: ModuleNotFoundError: No module named 'backend/app'
Nov 23 02:50:31 ip-172-31-6-108 web[19753]: [2025-11-23 02:50:31 +0000] [19753] [ERROR] Worker (pid:19757) exited with code 3
Nov 23 02:50:31 ip-172-31-6-108 web[19753]: [2025-11-23 02:50:31 +0000] [19753] [ERROR] Shutting down: Master
Nov 23 02:50:31 ip-172-31-6-108 web[19753]: [2025-11-23 02:50:31 +0000] [19753] [ERROR] Reason: Worker failed to boot.
Nov 23 02:50:31 ip-172-31-6-108 web[19763]: [2025-11-23 02:50:31 +0000] [19763] [ERROR] Exception in worker process
Nov 23 02:50:31 ip-172-31-6-108 web[19763]: ModuleNotFoundError: No module named 'backend/app'
Nov 23 02:50:31 ip-172-31-6-108 web[19759]: [2025-11-23 02:50:31 +0000] [19759] [ERROR] Worker (pid:19763) exited with code 3
Nov 23 02:50:31 ip-172-31-6-108 web[19759]: [2025-11-23 02:50:31 +0000] [19759] [ERROR] Shutting down: Master
Nov 23 02:50:31 ip-172-31-6-108 web[19759]: [2025-11-23 02:50:31 +0000] [19759] [ERROR] Reason: Worker failed to boot.
/var/log/nginx/error.log
2025/11/23 02:39:34 [error] 13470#13470: *2460 connect() failed (111: Connection refused) while connecting to upstream, client: 172.31.30.163, server: , request: "GET / HTTP/1.1", upstream: "http://127.0.0.1:8000/", host: "172.31.6.108"
2025/11/23 02:39:46 [error] 13470#13470: *2462 connect() failed (111: Connection refused) while connecting to upstream, client: 172.31.0.119, server: , request: "GET / HTTP/1.1", upstream: "http://127.0.0.1:8000/", host: "172.31.6.108"
2025/11/23 02:39:49 [error] 13470#13470: *2464 connect() failed (111: Connection refused) while connecting to upstream, client: 172.31.30.163, server: , request: "GET / HTTP/1.1", upstream: "http://127.0.0.1:8000/", host: "172.31.6.108"
2025/11/23 02:40:00 [error] 13470#13470: *2466 connect() failed (111: Connection refused) while connecting to upstream, client: 172.31.0.119, server: , request: "GET / HTTP/1.1", upstream: "http://127.0.0.1:8000/", host: "100.29.5.125"
2025/11/23 02:40:01 [error] 13470#13470: *2468 connect() failed (111: Connection refused) while connecting to upstream, client: 172.31.0.119, server: , request: "GET / HTTP/1.1", upstream: "http://127.0.0.1:8000/", host: "172.31.6.108"
2025/11/23 02:40:04 [error] 13469#13469: *2470 connect() failed (111: Connection refused) while connecting to upstream, client: 172.31.30.163, server: , request: "GET / HTTP/1.1", upstream: "http://127.0.0.1:8000/", host: "172.31.6.108"
2025/11/23 02:40:16 [error] 13469#13469: *2472 connect() failed (111: Connection refused) while connecting to upstream, client: 172.31.0.119, server: , request: "GET / HTTP/1.1", upstream: "http://127.0.0.1:8000/", host: "172.31.6.108"
2025/11/23 02:40:19 [error] 13469#13469: *2474 connect() failed (111: Connection refused) while connecting to upstream, client: 172.31.30.163, server: , request: "GET / HTTP/1.1", upstream: "http://127.0.0.1:8000/", host: "172.31.6.108"
2025/11/23 02:40:31 [error] 13469#13469: *2476 connect() failed (111: Connection refused) while connecting to upstream, client: 172.31.0.119, server: , request: "GET / HTTP/1.1", upstream: "http://127.0.0.1:8000/", host: "172.31.6.108"
2025/11/23 02:40:34 [error] 13469#13469: *2478 connect() failed (111: Connection refused) while connecting to upstream, client: 172.31.30.163, server: , request: "GET / HTTP/1.1", upstream: "http://127.0.0.1:8000/", host: "172.31.6.108"
2025/11/23 02:40:46 [error] 13469#13469: *2480 connect() failed (111: Connection refused) while connecting to upstream, client: 172.31.0.119, server: , request: "GET / HTTP/1.1", upstream: "http://127.0.0.1:8000/", host: "172.31.6.108"
2025/11/23 02:40:49 [error] 13469#13469: *2482 connect() failed (111: Connection refused) while connecting to upstream, client: 172.31.30.163, server: , request: "GET / HTTP/1.1", upstream: "http://127.0.0.1:8000/", host: "172.31.6.108"
2025/11/23 02:41:01 [error] 13469#13469: *2484 connect() failed (111: Connection refused) while connecting to upstream, client: 172.31.0.119, server: , request: "GET / HTTP/1.1", upstream: "http://127.0.0.1:8000/", host: "172.31.6.108"
2025/11/23 02:41:04 [error] 13469#13469: *2486 connect() failed (111: Connection refused) while connecting to upstream, client: 172.31.30.163, server: , request: "GET / HTTP/1.1", upstream: "http://127.0.0.1:8000/", host: "172.31.6.108"
2025/11/23 02:41:16 [error] 13469#13469: *2488 connect() failed (111: Connection refused) while connecting to upstream, client: 172.31.0.119, server: , request: "GET / HTTP/1.1", upstream: "http://127.0.0.1:8000/", host: "172.31.6.108"
2025/11/23 02:41:19 [error] 13469#13469: *2490 connect() failed (111: Connection refused) while connecting to upstream, client: 172.31.30.163, server: , request: "GET / HTTP/1.1", upstream: "http://127.0.0.1:8000/", host: "172.31.6.108"
2025/11/23 02:41:31 [error] 13469#13469: *2492 connect() failed (111: Connection refused) while connecting to upstream, client: 172.31.0.119, server: , request: "GET / HTTP/1.1", upstream: "http://127.0.0.1:8000/", host: "172.31.6.108"
2025/11/23 02:41:34 [error] 13469#13469: *2494 connect() failed (111: Connection refused) while connecting to upstream, client: 172.31.30.163, server: , request: "GET / HTTP/1.1", upstream: "http://127.0.0.1:8000/", host: "172.31.6.108"
2025/11/23 02:41:46 [error] 13469#13469: *2496 connect() failed (111: Connection refused) while connecting to upstream, client: 172.31.0.119, server: , request: "GET / HTTP/1.1", upstream: "http://127.0.0.1:8000/", host: "172.31.6.108"
2025/11/23 02:41:49 [error] 13469#13469: *2498 connect() failed (111: Connection refused) while connecting to upstream, client: 172.31.30.163, server: , request: "GET / HTTP/1.1", upstream: "http://127.0.0.1:8000/", host: "172.31.6.108"
2025/11/23 02:42:01 [error] 13469#13469: *2500 connect() failed (111: Connection refused) while connecting to upstream, client: 172.31.0.119, server: , request: "GET / HTTP/1.1", upstream: "http://127.0.0.1:8000/", host: "172.31.6.108"
2025/11/23 02:42:04 [error] 13470#13470: *2502 connect() failed (111: Connection refused) while connecting to upstream, client: 172.31.30.163, server: , request: "GET / HTTP/1.1", upstream: "http://127.0.0.1:8000/", host: "172.31.6.108"
2025/11/23 02:42:16 [error] 13470#13470: *2504 connect() failed (111: Connection refused) while connecting to upstream, client: 172.31.0.119, server: , request: "GET / HTTP/1.1", upstream: "http://127.0.0.1:8000/", host: "172.31.6.108"
2025/11/23 02:42:19 [error] 13470#13470: *2506 connect() failed (111: Connection refused) while connecting to upstream, client: 172.31.30.163, server: , request: "GET / HTTP/1.1", upstream: "http://127.0.0.1:8000/", host: "172.31.6.108"
2025/11/23 02:42:31 [error] 13470#13470: *2508 connect() failed (111: Connection refused) while connecting to upstream, client: 172.31.0.119, server: , request: "GET / HTTP/1.1", upstream: "http://127.0.0.1:8000/", host: "172.31.6.108"
2025/11/23 02:42:34 [error] 13470#13470: *2510 connect() failed (111: Connection refused) while connecting to upstream, client: 172.31.30.163, server: , request: "GET / HTTP/1.1", upstream: "http://127.0.0.1:8000/", host: "172.31.6.108"
2025/11/23 02:42:46 [error] 13470#13470: *2512 connect() failed (111: Connection refused) while connecting to upstream, client: 172.31.0.119, server: , request: "GET / HTTP/1.1", upstream: "http://127.0.0.1:8000/", host: "172.31.6.108"
2025/11/23 02:43:01 [error] 18967#18967: *1 connect() failed (111: Connection refused) while connecting to upstream, client: 172.31.0.119, server: , request: "GET / HTTP/1.1", upstream: "http://127.0.0.1:8000/", host: "172.31.6.108"
2025/11/23 02:43:04 [error] 18966#18966: *3 connect() failed (111: Connection refused) while connecting to upstream, client: 172.31.30.163, server: , request: "GET / HTTP/1.1", upstream: "http://127.0.0.1:8000/", host: "172.31.6.108"
2025/11/23 02:43:16 [error] 18967#18967: *5 connect() failed (111: Connection refused) while connecting to upstream, client: 172.31.0.119, server: , request: "GET / HTTP/1.1", upstream: "http://127.0.0.1:8000/", host: "172.31.6.108"
2025/11/23 02:43:19 [error] 18967#18967: *7 connect() failed (111: Connection refused) while connecting to upstream, client: 172.31.30.163, server: , request: "GET / HTTP/1.1", upstream: "http://127.0.0.1:8000/", host: "172.31.6.108"
2025/11/23 02:43:31 [error] 18967#18967: *9 connect() failed (111: Connection refused) while connecting to upstream, client: 172.31.0.119, server: , request: "GET / HTTP/1.1", upstream: "http://127.0.0.1:8000/", host: "172.31.6.108"
2025/11/23 02:43:34 [error] 18967#18967: *11 connect() failed (111: Connection refused) while connecting to upstream, client: 172.31.30.163, server: , request: "GET / HTTP/1.1", upstream: "http://127.0.0.1:8000/", host: "172.31.6.108"
2025/11/23 02:43:46 [error] 18967#18967: *13 connect() failed (111: Connection refused) while connecting to upstream, client: 172.31.0.119, server: , request: "GET / HTTP/1.1", upstream: "http://127.0.0.1:8000/", host: "172.31.6.108"
2025/11/23 02:43:49 [error] 18967#18967: *15 connect() failed (111: Connection refused) while connecting to upstream, client: 172.31.30.163, server: , request: "GET / HTTP/1.1", upstream: "http://127.0.0.1:8000/", host: "172.31.6.108"
2025/11/23 02:44:01 [error] 18967#18967: *17 connect() failed (111: Connection refused) while connecting to upstream, client: 172.31.0.119, server: , request: "GET / HTTP/1.1", upstream: "http://127.0.0.1:8000/", host: "172.31.6.108"
2025/11/23 02:44:04 [error] 18967#18967: *19 connect() failed (111: Connection refused) while connecting to upstream, client: 172.31.30.163, server: , request: "GET / HTTP/1.1", upstream: "http://127.0.0.1:8000/", host: "172.31.6.108"
2025/11/23 02:44:16 [error] 18967#18967: *21 connect() failed (111: Connection refused) while connecting to upstream, client: 172.31.0.119, server: , request: "GET / HTTP/1.1", upstream: "http://127.0.0.1:8000/", host: "172.31.6.108"
2025/11/23 02:44:19 [error] 18967#18967: *23 connect() failed (111: Connection refused) while connecting to upstream, client: 172.31.30.163, server: , request: "GET / HTTP/1.1", upstream: "http://127.0.0.1:8000/", host: "172.31.6.108"
2025/11/23 02:44:31 [error] 18967#18967: *25 connect() failed (111: Connection refused) while connecting to upstream, client: 172.31.0.119, server: , request: "GET / HTTP/1.1", upstream: "http://127.0.0.1:8000/", host: "172.31.6.108"
2025/11/23 02:44:34 [error] 18967#18967: *27 connect() failed (111: Connection refused) while connecting to upstream, client: 172.31.30.163, server: , request: "GET / HTTP/1.1", upstream: "http://127.0.0.1:8000/", host: "172.31.6.108"
2025/11/23 02:44:46 [error] 18967#18967: *29 connect() failed (111: Connection refused) while connecting to upstream, client: 172.31.0.119, server: , request: "GET / HTTP/1.1", upstream: "http://127.0.0.1:8000/", host: "172.31.6.108"
2025/11/23 02:44:49 [error] 18967#18967: *31 connect() failed (111: Connection refused) while connecting to upstream, client: 172.31.30.163, server: , request: "GET / HTTP/1.1", upstream: "http://127.0.0.1:8000/", host: "172.31.6.108"
2025/11/23 02:45:01 [error] 18967#18967: *33 connect() failed (111: Connection refused) while connecting to upstream, client: 172.31.0.119, server: , request: "GET / HTTP/1.1", upstream: "http://127.0.0.1:8000/", host: "172.31.6.108"
2025/11/23 02:45:04 [error] 18967#18967: *35 connect() failed (111: Connection refused) while connecting to upstream, client: 172.31.30.163, server: , request: "GET / HTTP/1.1", upstream: "http://127.0.0.1:8000/", host: "172.31.6.108"
2025/11/23 02:45:16 [error] 18966#18966: *37 connect() failed (111: Connection refused) while connecting to upstream, client: 172.31.0.119, server: , request: "GET / HTTP/1.1", upstream: "http://127.0.0.1:8000/", host: "172.31.6.108"
2025/11/23 02:45:19 [error] 18966#18966: *39 connect() failed (111: Connection refused) while connecting to upstream, client: 172.31.30.163, server: , request: "GET / HTTP/1.1", upstream: "http://127.0.0.1:8000/", host: "172.31.6.108"
2025/11/23 02:45:31 [error] 18966#18966: *41 connect() failed (111: Connection refused) while connecting to upstream, client: 172.31.0.119, server: , request: "GET / HTTP/1.1", upstream: "http://127.0.0.1:8000/", host: "172.31.6.108"
2025/11/23 02:45:34 [error] 18966#18966: *43 connect() failed (111: Connection refused) while connecting to upstream, client: 172.31.30.163, server: , request: "GET / HTTP/1.1", upstream: "http://127.0.0.1:8000/", host: "172.31.6.108"
2025/11/23 02:45:46 [error] 18966#18966: *45 connect() failed (111: Connection refused) while connecting to upstream, client: 172.31.0.119, server: , request: "GET / HTTP/1.1", upstream: "http://127.0.0.1:8000/", host: "172.31.6.108"
2025/11/23 02:45:49 [error] 18966#18966: *47 connect() failed (111: Connection refused) while connecting to upstream, client: 172.31.30.163, server: , request: "GET / HTTP/1.1", upstream: "http://127.0.0.1:8000/", host: "172.31.6.108"
2025/11/23 02:46:01 [error] 18966#18966: *49 connect() failed (111: Connection refused) while connecting to upstream, client: 172.31.0.119, server: , request: "GET / HTTP/1.1", upstream: "http://127.0.0.1:8000/", host: "172.31.6.108"
2025/11/23 02:46:04 [error] 18966#18966: *51 connect() failed (111: Connection refused) while connecting to upstream, client: 172.31.30.163, server: , request: "GET / HTTP/1.1", upstream: "http://127.0.0.1:8000/", host: "172.31.6.108"
2025/11/23 02:46:16 [error] 18966#18966: *53 connect() failed (111: Connection refused) while connecting to upstream, client: 172.31.0.119, server: , request: "GET / HTTP/1.1", upstream: "http://127.0.0.1:8000/", host: "172.31.6.108"
2025/11/23 02:46:19 [error] 18966#18966: *55 connect() failed (111: Connection refused) while connecting to upstream, client: 172.31.30.163, server: , request: "GET / HTTP/1.1", upstream: "http://127.0.0.1:8000/", host: "172.31.6.108"
2025/11/23 02:46:31 [error] 18966#18966: *57 connect() failed (111: Connection refused) while connecting to upstream, client: 172.31.0.119, server: , request: "GET / HTTP/1.1", upstream: "http://127.0.0.1:8000/", host: "172.31.6.108"
2025/11/23 02:46:34 [error] 18966#18966: *59 connect() failed (111: Connection refused) while connecting to upstream, client: 172.31.30.163, server: , request: "GET / HTTP/1.1", upstream: "http://127.0.0.1:8000/", host: "172.31.6.108"
2025/11/23 02:46:46 [error] 18966#18966: *61 connect() failed (111: Connection refused) while connecting to upstream, client: 172.31.0.119, server: , request: "GET / HTTP/1.1", upstream: "http://127.0.0.1:8000/", host: "172.31.6.108"
2025/11/23 02:46:49 [error] 18966#18966: *63 connect() failed (111: Connection refused) while connecting to upstream, client: 172.31.30.163, server: , request: "GET / HTTP/1.1", upstream: "http://127.0.0.1:8000/", host: "172.31.6.108"
2025/11/23 02:47:01 [error] 18966#18966: *65 connect() failed (111: Connection refused) while connecting to upstream, client: 172.31.0.119, server: , request: "GET / HTTP/1.1", upstream: "http://127.0.0.1:8000/", host: "172.31.6.108"
2025/11/23 02:47:04 [error] 18966#18966: *67 connect() failed (111: Connection refused) while connecting to upstream, client: 172.31.30.163, server: , request: "GET / HTTP/1.1", upstream: "http://127.0.0.1:8000/", host: "172.31.6.108"
2025/11/23 02:47:16 [error] 18967#18967: *69 connect() failed (111: Connection refused) while connecting to upstream, client: 172.31.0.119, server: , request: "GET / HTTP/1.1", upstream: "http://127.0.0.1:8000/", host: "172.31.6.108"
2025/11/23 02:47:19 [error] 18967#18967: *71 connect() failed (111: Connection refused) while connecting to upstream, client: 172.31.30.163, server: , request: "GET / HTTP/1.1", upstream: "http://127.0.0.1:8000/", host: "172.31.6.108"
2025/11/23 02:47:31 [error] 18967#18967: *73 connect() failed (111: Connection refused) while connecting to upstream, client: 172.31.0.119, server: , request: "GET / HTTP/1.1", upstream: "http://127.0.0.1:8000/", host: "172.31.6.108"
2025/11/23 02:47:34 [error] 18967#18967: *75 connect() failed (111: Connection refused) while connecting to upstream, client: 172.31.30.163, server: , request: "GET / HTTP/1.1", upstream: "http://127.0.0.1:8000/", host: "172.31.6.108"
2025/11/23 02:47:46 [error] 18967#18967: *77 connect() failed (111: Connection refused) while connecting to upstream, client: 172.31.0.119, server: , request: "GET / HTTP/1.1", upstream: "http://127.0.0.1:8000/", host: "172.31.6.108"
2025/11/23 02:47:49 [error] 18967#18967: *79 connect() failed (111: Connection refused) while connecting to upstream, client: 172.31.30.163, server: , request: "GET / HTTP/1.1", upstream: "http://127.0.0.1:8000/", host: "172.31.6.108"
2025/11/23 02:48:01 [error] 18967#18967: *81 connect() failed (111: Connection refused) while connecting to upstream, client: 172.31.0.119, server: , request: "GET / HTTP/1.1", upstream: "http://127.0.0.1:8000/", host: "172.31.6.108"
2025/11/23 02:48:04 [error] 18967#18967: *83 connect() failed (111: Connection refused) while connecting to upstream, client: 172.31.30.163, server: , request: "GET / HTTP/1.1", upstream: "http://127.0.0.1:8000/", host: "172.31.6.108"
2025/11/23 02:48:16 [error] 18967#18967: *85 connect() failed (111: Connection refused) while connecting to upstream, client: 172.31.0.119, server: , request: "GET / HTTP/1.1", upstream: "http://127.0.0.1:8000/", host: "172.31.6.108"
2025/11/23 02:48:19 [error] 18967#18967: *87 connect() failed (111: Connection refused) while connecting to upstream, client: 172.31.30.163, server: , request: "GET / HTTP/1.1", upstream: "http://127.0.0.1:8000/", host: "172.31.6.108"
2025/11/23 02:48:31 [error] 18967#18967: *89 connect() failed (111: Connection refused) while connecting to upstream, client: 172.31.0.119, server: , request: "GET / HTTP/1.1", upstream: "http://127.0.0.1:8000/", host: "172.31.6.108"
2025/11/23 02:48:34 [error] 18967#18967: *91 connect() failed (111: Connection refused) while connecting to upstream, client: 172.31.30.163, server: , request: "GET / HTTP/1.1", upstream: "http://127.0.0.1:8000/", host: "172.31.6.108"
2025/11/23 02:48:46 [error] 18967#18967: *93 connect() failed (111: Connection refused) while connecting to upstream, client: 172.31.0.119, server: , request: "GET / HTTP/1.1", upstream: "http://127.0.0.1:8000/", host: "172.31.6.108"
2025/11/23 02:48:49 [error] 18967#18967: *95 connect() failed (111: Connection refused) while connecting to upstream, client: 172.31.30.163, server: , request: "GET / HTTP/1.1", upstream: "http://127.0.0.1:8000/", host: "172.31.6.108"
2025/11/23 02:49:01 [error] 18967#18967: *97 connect() failed (111: Connection refused) while connecting to upstream, client: 172.31.0.119, server: , request: "GET / HTTP/1.1", upstream: "http://127.0.0.1:8000/", host: "172.31.6.108"
2025/11/23 02:49:04 [error] 18967#18967: *99 connect() failed (111: Connection refused) while connecting to upstream, client: 172.31.30.163, server: , request: "GET / HTTP/1.1", upstream: "http://127.0.0.1:8000/", host: "172.31.6.108"
2025/11/23 02:49:16 [error] 18966#18966: *101 connect() failed (111: Connection refused) while connecting to upstream, client: 172.31.0.119, server: , request: "GET / HTTP/1.1", upstream: "http://127.0.0.1:8000/", host: "172.31.6.108"
2025/11/23 02:49:19 [error] 18966#18966: *103 connect() failed (111: Connection refused) while connecting to upstream, client: 172.31.30.163, server: , request: "GET / HTTP/1.1", upstream: "http://127.0.0.1:8000/", host: "172.31.6.108"
2025/11/23 02:49:31 [error] 18966#18966: *105 connect() failed (111: Connection refused) while connecting to upstream, client: 172.31.0.119, server: , request: "GET / HTTP/1.1", upstream: "http://127.0.0.1:8000/", host: "172.31.6.108"
2025/11/23 02:49:34 [error] 18966#18966: *107 connect() failed (111: Connection refused) while connecting to upstream, client: 172.31.30.163, server: , request: "GET / HTTP/1.1", upstream: "http://127.0.0.1:8000/", host: "172.31.6.108"
2025/11/23 02:49:46 [error] 18966#18966: *109 connect() failed (111: Connection refused) while connecting to upstream, client: 172.31.0.119, server: , request: "GET / HTTP/1.1", upstream: "http://127.0.0.1:8000/", host: "172.31.6.108"
2025/11/23 02:49:49 [error] 18966#18966: *111 connect() failed (111: Connection refused) while connecting to upstream, client: 172.31.30.163, server: , request: "GET / HTTP/1.1", upstream: "http://127.0.0.1:8000/", host: "172.31.6.108"
2025/11/23 02:50:01 [error] 18966#18966: *113 connect() failed (111: Connection refused) while connecting to upstream, client: 172.31.0.119, server: , request: "GET / HTTP/1.1", upstream: "http://127.0.0.1:8000/", host: "172.31.6.108"
2025/11/23 02:50:04 [error] 18966#18966: *115 connect() failed (111: Connection refused) while connecting to upstream, client: 172.31.30.163, server: , request: "GET / HTTP/1.1", upstream: "http://127.0.0.1:8000/", host: "172.31.6.108"
2025/11/23 02:50:16 [error] 18966#18966: *117 connect() failed (111: Connection refused) while connecting to upstream, client: 172.31.0.119, server: , request: "GET / HTTP/1.1", upstream: "http://127.0.0.1:8000/", host: "172.31.6.108"
2025/11/23 02:50:19 [error] 18966#18966: *119 connect() failed (111: Connection refused) while connecting to upstream, client: 172.31.30.163, server: , request: "GET / HTTP/1.1", upstream: "http://127.0.0.1:8000/", host: "172.31.6.108"
2025/11/23 02:50:31 [error] 19721#19721: *1 connect() failed (111: Connection refused) while connecting to upstream, client: 172.31.0.119, server: , request: "GET / HTTP/1.1", upstream: "http://127.0.0.1:8000/", host: "172.31.6.108"
2025/11/23 02:50:34 [error] 19720#19720: *3 connect() failed (111: Connection refused) while connecting to upstream, client: 172.31.30.163, server: , request: "GET / HTTP/1.1", upstream: "http://127.0.0.1:8000/", host: "172.31.6.108"
2025/11/23 02:50:46 [error] 19721#19721: *5 connect() failed (111: Connection refused) while connecting to upstream, client: 172.31.0.119, server: , request: "GET / HTTP/1.1", upstream: "http://127.0.0.1:8000/", host: "172.31.6.108"
2025/11/23 02:50:49 [error] 19721#19721: *7 connect() failed (111: Connection refused) while connecting to upstream, client: 172.31.30.163, server: , request: "GET / HTTP/1.1", upstream: "http://127.0.0.1:8000/", host: "172.31.6.108"
2025/11/23 02:51:01 [error] 19721#19721: *9 connect() failed (111: Connection refused) while connecting to upstream, client: 172.31.0.119, server: , request: "GET / HTTP/1.1", upstream: "http://127.0.0.1:8000/", host: "172.31.6.108"
2025/11/23 02:51:05 [error] 19721#19721: *11 connect() failed (111: Connection refused) while connecting to upstream, client: 172.31.30.163, server: , request: "GET / HTTP/1.1", upstream: "http://127.0.0.1:8000/", host: "172.31.6.108"
2025/11/23 02:51:16 [error] 19721#19721: *13 connect() failed (111: Connection refused) while connecting to upstream, client: 172.31.0.119, server: , request: "GET / HTTP/1.1", upstream: "http://127.0.0.1:8000/", host: "172.31.6.108"
